// Jest Snapshot v1, https://goo.gl/fbAQLP

exports[`<App /> component render 1`] = `
<div
  className="app"
>
  Welcome to React-2048-Game
  <p>
    Your score is: 
    0
  </p>
  <p
    className="game-over"
  >
    
  </p>
  <div
    className="box"
  >
    <div
      className="board"
    >
      <table
        className="board"
      >
        <tbody>
          <tr>
            <td>
              <div
                className="cell"
              >
                <div
                  className="number"
                />
              </div>
            </td>
            <td>
              <div
                className="cell"
              >
                <div
                  className="number"
                />
              </div>
            </td>
            <td>
              <div
                className="cell"
              >
                <div
                  className="number"
                />
              </div>
            </td>
            <td>
              <div
                className="cell"
              >
                <div
                  className="number"
                />
              </div>
            </td>
          </tr>
          <tr>
            <td>
              <div
                className="cell"
              >
                <div
                  className="number"
                />
              </div>
            </td>
            <td>
              <div
                className="cell"
              >
                <div
                  className="number"
                />
              </div>
            </td>
            <td>
              <div
                className="cell"
              >
                <div
                  className="number"
                />
              </div>
            </td>
            <td>
              <div
                className="cell color-4"
              >
                <div
                  className="number"
                >
                  4
                </div>
              </div>
            </td>
          </tr>
          <tr>
            <td>
              <div
                className="cell color-4"
              >
                <div
                  className="number"
                >
                  4
                </div>
              </div>
            </td>
            <td>
              <div
                className="cell"
              >
                <div
                  className="number"
                />
              </div>
            </td>
            <td>
              <div
                className="cell"
              >
                <div
                  className="number"
                />
              </div>
            </td>
            <td>
              <div
                className="cell"
              >
                <div
                  className="number"
                />
              </div>
            </td>
          </tr>
          <tr>
            <td>
              <div
                className="cell"
              >
                <div
                  className="number"
                />
              </div>
            </td>
            <td>
              <div
                className="cell"
              >
                <div
                  className="number"
                />
              </div>
            </td>
            <td>
              <div
                className="cell"
              >
                <div
                  className="number"
                />
              </div>
            </td>
            <td>
              <div
                className="cell"
              >
                <div
                  className="number"
                />
              </div>
            </td>
          </tr>
        </tbody>
      </table>
    </div>
    <div
      className="btn-group"
    >
      <div
        className="new-game"
      >
        <a
          className="button"
          href="#"
          onClick={[Function]}
        >
          
          <img
            alt="go back previous step"
            src="prev-step.svg"
          />
        </a>
        <a
          className="button"
          href="#"
          onClick={[Function]}
        >
          
          <img
            alt="reset"
            src="reset.svg"
          />
        </a>
      </div>
      <a
        className="button"
        href="#"
        onClick={[Function]}
      >
        <em
          className="arrow-up"
        />
        
      </a>
      <div
        className="buttons"
      >
        <a
          className="button"
          href="#"
          onClick={[Function]}
        >
          <em
            className="arrow-left"
          />
          
        </a>
        <a
          className="button"
          href="#"
          onClick={[Function]}
        >
          <em
            className="arrow-down"
          />
          
        </a>
        <a
          className="button"
          href="#"
          onClick={[Function]}
        >
          <em
            className="arrow-right"
          />
          
        </a>
      </div>
    </div>
  </div>
</div>
`;
