// Jest Snapshot v1, https://goo.gl/fbAQLP

exports[`<Board /> component render 1`] = `
<table
  className="board"
>
  <tbody>
    <tr>
      <td>
        <div
          className="cell color-2"
        >
          <div
            className="number"
          >
            2
          </div>
        </div>
      </td>
      <td>
        <div
          className="cell"
        >
          <div
            className="number"
          />
        </div>
      </td>
      <td>
        <div
          className="cell"
        >
          <div
            className="number"
          />
        </div>
      </td>
      <td>
        <div
          className="cell"
        >
          <div
            className="number"
          />
        </div>
      </td>
    </tr>
    <tr>
      <td>
        <div
          className="cell"
        >
          <div
            className="number"
          />
        </div>
      </td>
      <td>
        <div
          className="cell"
        >
          <div
            className="number"
          />
        </div>
      </td>
      <td>
        <div
          className="cell"
        >
          <div
            className="number"
          />
        </div>
      </td>
      <td>
        <div
          className="cell"
        >
          <div
            className="number"
          />
        </div>
      </td>
    </tr>
    <tr>
      <td>
        <div
          className="cell"
        >
          <div
            className="number"
          />
        </div>
      </td>
      <td>
        <div
          className="cell"
        >
          <div
            className="number"
          />
        </div>
      </td>
      <td>
        <div
          className="cell color-4"
        >
          <div
            className="number"
          >
            4
          </div>
        </div>
      </td>
      <td>
        <div
          className="cell"
        >
          <div
            className="number"
          />
        </div>
      </td>
    </tr>
    <tr>
      <td>
        <div
          className="cell"
        >
          <div
            className="number"
          />
        </div>
      </td>
      <td>
        <div
          className="cell"
        >
          <div
            className="number"
          />
        </div>
      </td>
      <td>
        <div
          className="cell"
        >
          <div
            className="number"
          />
        </div>
      </td>
      <td>
        <div
          className="cell"
        >
          <div
            className="number"
          />
        </div>
      </td>
    </tr>
  </tbody>
</table>
`;
