// Jest Snapshot v1, https://goo.gl/fbAQLP

exports[`<Comments /> component render 1`] = `
<div
  className="main"
>
  <div
    className="comments"
  >
    <p
      className="commentsTitle"
      dangerouslySetInnerHTML={
        Object {
          "__html": "Welcome to leave comments",
        }
      }
    />
    <div
      className="container"
      id="gitalk-container"
    />
  </div>
</div>
`;
