// Jest Snapshot v1, https://goo.gl/fbAQLP

exports[`<Scores /> component render 1`] = `
<div
  className="index"
>
  <p
    className="score"
  >
    SCORE
    <p
      className="text"
    >
      0
    </p>
  </p>
  <p
    className="score best"
  >
    BEST
    <p
      className="text"
    >
      0
    </p>
  </p>
</div>
`;
